

***** Start Trial #0 *****

Environment #0 Trial #0: FAIL
Environment #1 Trial #0: FAIL
Environment #2 Trial #0: FAIL

-----
SUCCESS: 0
ADDITIONAL SUCCESS: 0
FAIL: 3
TOTAL: 3
ACCURACY: 0.0
-----


***** End Trial #0 *****



***** Start Trial #1 *****

Environment #0 Trial #1: FAIL
Environment #1 Trial #1: FAIL
Environment #2 Trial #1: FAIL

-----
SUCCESS: 0
ADDITIONAL SUCCESS: 0
FAIL: 3
TOTAL: 3
ACCURACY: 0.0
-----


***** End Trial #1 *****



***** Start Trial #2 *****

Environment #0 Trial #2: FAIL
Environment #1 Trial #2: FAIL
Environment #2 Trial #2: FAIL

-----
SUCCESS: 0
ADDITIONAL SUCCESS: 0
FAIL: 3
TOTAL: 3
ACCURACY: 0.0
-----


***** End Trial #2 *****



***** Start Trial #3 *****

Environment #0 Trial #3: FAIL
Environment #1 Trial #3: FAIL
Environment #2 Trial #3: FAIL

-----
SUCCESS: 0
ADDITIONAL SUCCESS: 0
FAIL: 3
TOTAL: 3
ACCURACY: 0.0
-----


***** End Trial #3 *****



***** Start Trial #4 *****

